2026-01-15T21:34:46.734+01:00  INFO 20592 --- [restartedMain] d.o.m.MuskelManagementApplication        : Starting MuskelManagementApplication using Java 21.0.9 with PID 20592 (C:\Studium\7. Semester\Softwareentwicklung\MuscleManagement\muskel-management\build\classes\java\main started by JannisWeiß in C:\Studium\7. Semester\Softwareentwicklung\MuscleManagement\muskel-management)
2026-01-15T21:34:46.737+01:00 DEBUG 20592 --- [restartedMain] d.o.m.MuskelManagementApplication        : Running with Spring Boot v3.3.5, Spring v6.1.14
2026-01-15T21:34:46.739+01:00  INFO 20592 --- [restartedMain] d.o.m.MuskelManagementApplication        : No active profile set, falling back to 1 default profile: "default"
2026-01-15T21:34:46.838+01:00  INFO 20592 --- [restartedMain] .e.DevToolsPropertyDefaultsPostProcessor : Devtools property defaults active! Set 'spring.devtools.add-properties' to 'false' to disable
2026-01-15T21:34:46.839+01:00  INFO 20592 --- [restartedMain] .e.DevToolsPropertyDefaultsPostProcessor : For additional web related logging consider setting the 'logging.level.web' property to 'DEBUG'
2026-01-15T21:34:48.407+01:00  INFO 20592 --- [restartedMain] .s.d.r.c.RepositoryConfigurationDelegate : Bootstrapping Spring Data JPA repositories in DEFAULT mode.
2026-01-15T21:34:48.803+01:00  INFO 20592 --- [restartedMain] .s.d.r.c.RepositoryConfigurationDelegate : Finished Spring Data repository scanning in 384 ms. Found 15 JPA repository interfaces.
2026-01-15T21:34:49.960+01:00  INFO 20592 --- [restartedMain] o.s.b.w.embedded.tomcat.TomcatWebServer  : Tomcat initialized with port 8080 (http)
2026-01-15T21:34:49.985+01:00  INFO 20592 --- [restartedMain] o.apache.catalina.core.StandardService   : Starting service [Tomcat]
2026-01-15T21:34:49.985+01:00  INFO 20592 --- [restartedMain] o.apache.catalina.core.StandardEngine    : Starting Servlet engine: [Apache Tomcat/10.1.31]
2026-01-15T21:34:50.077+01:00  INFO 20592 --- [restartedMain] o.a.c.c.C.[Tomcat].[localhost].[/]       : Initializing Spring embedded WebApplicationContext
2026-01-15T21:34:50.077+01:00  INFO 20592 --- [restartedMain] w.s.c.ServletWebServerApplicationContext : Root WebApplicationContext: initialization completed in 3237 ms
2026-01-15T21:34:50.123+01:00  INFO 20592 --- [restartedMain] com.zaxxer.hikari.HikariDataSource       : HikariPool-1 - Starting...
2026-01-15T21:34:50.722+01:00  INFO 20592 --- [restartedMain] com.zaxxer.hikari.pool.HikariPool        : HikariPool-1 - Added connection conn0: url=jdbc:h2:file:./muskelmanagement user=SA
2026-01-15T21:34:50.724+01:00  INFO 20592 --- [restartedMain] com.zaxxer.hikari.HikariDataSource       : HikariPool-1 - Start completed.
2026-01-15T21:34:50.739+01:00  INFO 20592 --- [restartedMain] o.s.b.a.h2.H2ConsoleAutoConfiguration    : H2 console available at '/h2-console'. Database available at 'jdbc:h2:file:./muskelmanagement'
2026-01-15T21:34:50.988+01:00  INFO 20592 --- [restartedMain] o.hibernate.jpa.internal.util.LogHelper  : HHH000204: Processing PersistenceUnitInfo [name: default]
2026-01-15T21:34:51.092+01:00  INFO 20592 --- [restartedMain] org.hibernate.Version                    : HHH000412: Hibernate ORM core version 6.5.3.Final
2026-01-15T21:34:51.167+01:00  INFO 20592 --- [restartedMain] o.h.c.internal.RegionFactoryInitiator    : HHH000026: Second-level cache disabled
2026-01-15T21:34:51.824+01:00  INFO 20592 --- [restartedMain] o.s.o.j.p.SpringPersistenceUnitInfo      : No LoadTimeWeaver setup: ignoring JPA class transformer
2026-01-15T21:34:51.912+01:00  WARN 20592 --- [restartedMain] org.hibernate.orm.deprecation            : HHH90000025: H2Dialect does not need to be specified explicitly using 'hibernate.dialect' (remove the property setting and it will be selected by default)
2026-01-15T21:34:54.342+01:00  INFO 20592 --- [restartedMain] o.h.e.t.j.p.i.JtaPlatformInitiator       : HHH000489: No JTA platform available (set 'hibernate.transaction.jta.platform' to enable JTA platform integration)
2026-01-15T21:34:54.494+01:00  INFO 20592 --- [restartedMain] j.LocalContainerEntityManagerFactoryBean : Initialized JPA EntityManagerFactory for persistence unit 'default'
2026-01-15T21:34:55.581+01:00 DEBUG 20592 --- [restartedMain] d.o.m.config.filter.TwoFactorAuthFilter  : Filter 'twoFactorAuthFilter' configured for use
2026-01-15T21:34:55.674+01:00  INFO 20592 --- [restartedMain] o.s.d.j.r.query.QueryEnhancerFactory     : Hibernate is in classpath; If applicable, HQL parser will be used.
2026-01-15T21:34:57.680+01:00  WARN 20592 --- [restartedMain] JpaBaseConfiguration$JpaWebConfiguration : spring.jpa.open-in-view is enabled by default. Therefore, database queries may be performed during view rendering. Explicitly configure spring.jpa.open-in-view to disable this warning
2026-01-15T21:34:57.712+01:00  INFO 20592 --- [restartedMain] r$InitializeUserDetailsManagerConfigurer : Global AuthenticationManager configured with UserDetailsService bean with name userDetailsService
2026-01-15T21:34:58.892+01:00  INFO 20592 --- [restartedMain] o.s.b.d.a.OptionalLiveReloadServer       : LiveReload server is running on port 35729
2026-01-15T21:34:59.271+01:00  INFO 20592 --- [restartedMain] o.s.b.w.embedded.tomcat.TomcatWebServer  : Tomcat started on port 8080 (http) with context path '/'
2026-01-15T21:34:59.301+01:00  INFO 20592 --- [restartedMain] d.o.m.MuskelManagementApplication        : Started MuskelManagementApplication in 13.299 seconds (process running for 14.878)
2026-01-15T21:34:59.321+01:00  INFO 20592 --- [scheduling-1] d.o.m.s.impl.TwoFactorAuthServiceImpl    : Running cleanup of expired 2FA codes
2026-01-15T21:34:59.419+01:00  INFO 20592 --- [scheduling-1] d.o.m.s.impl.TwoFactorAuthServiceImpl    : Cleanup completed
2026-01-15T21:34:59.513+01:00  INFO 20592 --- [restartedMain] d.o.m.config.DataInitializer             : Exercises already initialized. Skipping exercise loading.
2026-01-15T21:35:14.867+01:00  INFO 20592 --- [http-nio-8080-exec-1] o.a.c.c.C.[Tomcat].[localhost].[/]       : Initializing Spring DispatcherServlet 'dispatcherServlet'
2026-01-15T21:35:14.872+01:00  INFO 20592 --- [http-nio-8080-exec-1] o.s.web.servlet.DispatcherServlet        : Initializing Servlet 'dispatcherServlet'
2026-01-15T21:35:14.877+01:00  INFO 20592 --- [http-nio-8080-exec-1] o.s.web.servlet.DispatcherServlet        : Completed initialization in 5 ms
2026-01-15T21:35:37.744+01:00  WARN 20592 --- [http-nio-8080-exec-6] actStandardFragmentInsertionTagProcessor : [THYMELEAF][http-nio-8080-exec-6][welcome] Deprecated unwrapped fragment expression "fragments/navbar :: navbar" found in template welcome, line 24, col 6. Please use the complete syntax of fragment expressions instead ("~{fragments/navbar :: navbar}"). The old, unwrapped syntax for fragment expressions will be removed in future versions of Thymeleaf.
2026-01-15T21:35:54.941+01:00 DEBUG 20592 --- [http-nio-8080-exec-4] d.o.m.s.impl.TwoFactorAuthServiceImpl    : Validating 2FA code for user ID: 1
2026-01-15T21:35:54.981+01:00  INFO 20592 --- [http-nio-8080-exec-4] d.o.m.s.impl.TwoFactorAuthServiceImpl    : Code expired for user ID: 1
2026-01-15T21:35:55.055+01:00  WARN 20592 --- [http-nio-8080-exec-4] d.o.m.c.web.auth.TwoFactorController     : Invalid 2FA code for user ID: 1
2026-01-15T21:36:01.820+01:00  INFO 20592 --- [http-nio-8080-exec-9] d.o.m.s.impl.TwoFactorAuthServiceImpl    : Generating 2FA code for user: admin@example.com
2026-01-15T21:36:01.820+01:00 DEBUG 20592 --- [http-nio-8080-exec-9] d.o.m.s.impl.TwoFactorAuthServiceImpl    : Invalidating all codes for user ID: 1
2026-01-15T21:36:05.710+01:00  INFO 20592 --- [http-nio-8080-exec-9] d.o.m.service.impl.EmailServiceImpl      : 2FA code email sent successfully to: admin@example.com
2026-01-15T21:36:05.710+01:00  INFO 20592 --- [http-nio-8080-exec-9] d.o.m.s.impl.TwoFactorAuthServiceImpl    : 2FA code sent successfully to user: admin@example.com
2026-01-15T21:36:05.712+01:00  INFO 20592 --- [http-nio-8080-exec-9] d.o.m.c.web.auth.TwoFactorController     : New 2FA code sent to user ID: 1
2026-01-15T21:36:12.929+01:00 DEBUG 20592 --- [http-nio-8080-exec-10] d.o.m.s.impl.TwoFactorAuthServiceImpl    : Validating 2FA code for user ID: 1
2026-01-15T21:36:12.937+01:00  INFO 20592 --- [http-nio-8080-exec-10] d.o.m.s.impl.TwoFactorAuthServiceImpl    : Valid code provided for user ID: 1
2026-01-15T21:36:12.939+01:00  INFO 20592 --- [http-nio-8080-exec-10] d.o.m.c.web.auth.TwoFactorController     : 2FA code validated successfully for user ID: 1
2026-01-15T21:36:12.939+01:00  INFO 20592 --- [http-nio-8080-exec-10] d.o.m.c.web.auth.TwoFactorController     : Authentication completed for user ID: 1
2026-01-15T21:36:12.970+01:00  WARN 20592 --- [http-nio-8080-exec-1] actStandardFragmentInsertionTagProcessor : [THYMELEAF][http-nio-8080-exec-1][welcome] Deprecated unwrapped fragment expression "fragments/navbar :: navbar" found in template welcome, line 24, col 6. Please use the complete syntax of fragment expressions instead ("~{fragments/navbar :: navbar}"). The old, unwrapped syntax for fragment expressions will be removed in future versions of Thymeleaf.
2026-01-15T21:36:15.688+01:00  WARN 20592 --- [http-nio-8080-exec-7] actStandardFragmentInsertionTagProcessor : [THYMELEAF][http-nio-8080-exec-7][admin/membership-confirmations] Deprecated unwrapped fragment expression "fragments/navbar :: navbar" found in template admin/membership-confirmations, line 9, col 6. Please use the complete syntax of fragment expressions instead ("~{fragments/navbar :: navbar}"). The old, unwrapped syntax for fragment expressions will be removed in future versions of Thymeleaf.
2026-01-15T21:36:24.026+01:00  INFO 20592 --- [http-nio-8080-exec-1] m.c.h.CustomAuthenticationSuccessHandler : User authenticated: admin@example.com
2026-01-15T21:36:24.035+01:00  INFO 20592 --- [http-nio-8080-exec-1] m.c.h.CustomAuthenticationSuccessHandler : 2FA enabled for user: admin@example.com. Generating code...
2026-01-15T21:36:24.035+01:00  INFO 20592 --- [http-nio-8080-exec-1] d.o.m.s.impl.TwoFactorAuthServiceImpl    : Generating 2FA code for user: admin@example.com
2026-01-15T21:36:24.035+01:00 DEBUG 20592 --- [http-nio-8080-exec-1] d.o.m.s.impl.TwoFactorAuthServiceImpl    : Invalidating all codes for user ID: 1
2026-01-15T21:36:26.286+01:00  INFO 20592 --- [http-nio-8080-exec-1] d.o.m.service.impl.EmailServiceImpl      : 2FA code email sent successfully to: admin@example.com
2026-01-15T21:36:26.286+01:00  INFO 20592 --- [http-nio-8080-exec-1] d.o.m.s.impl.TwoFactorAuthServiceImpl    : 2FA code sent successfully to user: admin@example.com
2026-01-15T21:36:26.286+01:00  INFO 20592 --- [http-nio-8080-exec-1] m.c.h.CustomAuthenticationSuccessHandler : Redirected to 2FA verification page for user: admin@example.com
2026-01-15T21:36:48.285+01:00 DEBUG 20592 --- [http-nio-8080-exec-10] d.o.m.s.impl.TwoFactorAuthServiceImpl    : Validating 2FA code for user ID: 1
2026-01-15T21:36:48.293+01:00  INFO 20592 --- [http-nio-8080-exec-10] d.o.m.s.impl.TwoFactorAuthServiceImpl    : Valid code provided for user ID: 1
2026-01-15T21:36:48.298+01:00  INFO 20592 --- [http-nio-8080-exec-10] d.o.m.c.web.auth.TwoFactorController     : 2FA code validated successfully for user ID: 1
2026-01-15T21:36:48.298+01:00  INFO 20592 --- [http-nio-8080-exec-10] d.o.m.c.web.auth.TwoFactorController     : Authentication completed for user ID: 1
2026-01-15T21:36:48.328+01:00  WARN 20592 --- [http-nio-8080-exec-1] actStandardFragmentInsertionTagProcessor : [THYMELEAF][http-nio-8080-exec-1][welcome] Deprecated unwrapped fragment expression "fragments/navbar :: navbar" found in template welcome, line 24, col 6. Please use the complete syntax of fragment expressions instead ("~{fragments/navbar :: navbar}"). The old, unwrapped syntax for fragment expressions will be removed in future versions of Thymeleaf.
2026-01-15T21:36:50.181+01:00  WARN 20592 --- [http-nio-8080-exec-4] actStandardFragmentInsertionTagProcessor : [THYMELEAF][http-nio-8080-exec-4][member/subscriptions] Deprecated unwrapped fragment expression "fragments/navbar :: navbar" found in template member/subscriptions, line 9, col 6. Please use the complete syntax of fragment expressions instead ("~{fragments/navbar :: navbar}"). The old, unwrapped syntax for fragment expressions will be removed in future versions of Thymeleaf.
2026-01-15T21:36:50.992+01:00  WARN 20592 --- [http-nio-8080-exec-7] actStandardFragmentInsertionTagProcessor : [THYMELEAF][http-nio-8080-exec-7][member/my-reviews] Deprecated unwrapped fragment expression "fragments/navbar :: navbar" found in template member/my-reviews, line 8, col 6. Please use the complete syntax of fragment expressions instead ("~{fragments/navbar :: navbar}"). The old, unwrapped syntax for fragment expressions will be removed in future versions of Thymeleaf.
2026-01-15T21:36:52.076+01:00  WARN 20592 --- [http-nio-8080-exec-8] actStandardFragmentInsertionTagProcessor : [THYMELEAF][http-nio-8080-exec-8][member/measurements] Deprecated unwrapped fragment expression "fragments/navbar :: navbar" found in template member/measurements, line 9, col 6. Please use the complete syntax of fragment expressions instead ("~{fragments/navbar :: navbar}"). The old, unwrapped syntax for fragment expressions will be removed in future versions of Thymeleaf.
2026-01-15T21:38:22.468+01:00  WARN 20592 --- [http-nio-8080-exec-3] actStandardFragmentInsertionTagProcessor : [THYMELEAF][http-nio-8080-exec-3][admin/rooms] Deprecated unwrapped fragment expression "fragments/navbar :: navbar" found in template admin/rooms, line 9, col 6. Please use the complete syntax of fragment expressions instead ("~{fragments/navbar :: navbar}"). The old, unwrapped syntax for fragment expressions will be removed in future versions of Thymeleaf.
